---
source: stoat/src/test_harness.rs
expression: text
---
actions: :
focused: #1 of 1
mode: normal
size: 80x24
---
┌──────────────────────────────────────────────────────────────────────────────┐
│                                                                              │
│                                                                              │
│                                                                              │
│ ┌ command palette ─────────────────────────────────────────────────────────┐ │
│ │:                                                                         │ │
│ │──────────────────────────────────────────────────────────────────────────│ │
│ │ AddSelectionBelow  add cursor below                                      │ │
│ │ ClaudeSubmit       send to claude                                        │ │
│ │ ClaudeToDockLeft   move claude to left dock                              │ │
│ │ ClaudeToDockRight  move claude to right dock                             │ │
│ │ ClaudeToPane       move claude to pane                                   │ │
│ │ ClosePane          close pane                                            │ │
│ │ CloseReview        close the active review                               │ │
│ │ FocusDown          focus pane down                                       │ │
│ │ FocusLeft          focus pane left                                       │ │
│ │ FocusNext          focus next pane                                       │ │
│ │──────────────────────────────────────────────────────────────────────────│ │
│ │Add a new cursor on the line below the newest cursor.                     │ │
│ └──────────────────────────────────────────────────────────────────────────┘ │
│                                                                              │
│                                                                              │
│                                                                              │
└──────────────────────────────────────────────────────────────────────────────┘
