---
source: stoat/src/test_harness.rs
expression: text
---
actions: enter
focused: #1 of 1
mode: conflict
size: 100x18
---
[0m[36m┌──────────────────────────────────────────────────────────────────────────────────────────────────┐[0m
[0m[36m│[0m[1m[31mconflict picking c3[0m             [0m[90m│[0m                                                                 [0m[36m│[0m
[0m[36m│[0m[90mo take ours  t take theirs  s skip entry  Enter commit  a abort[0m                                   [0m[36m│[0m
[0m[36m│[0m                                [0m[90m│[0m                                                                 [0m[36m│[0m
[0m[36m│[0m[7m[30m[107m? a.rs                          [0m[90m│unresolved (defaults to theirs)[0m                                  [0m[36m│[0m
[0m[36m│[0m                                [0m[90m│[0m                                                                 [0m[36m│[0m
[0m[36m│[0m                                [0m[90m│[0m[31m<<<<<<< ours[0m                                                     [0m[36m│[0m
[0m[36m│[0m                                [0m[90m│[0m[97mline1[0m                                                            [0m[36m│[0m
[0m[36m│[0m                                [0m[90m│[0m[97mline2[0m                                                            [0m[36m│[0m
[0m[36m│[0m                                [0m[90m│=======[0m                                                          [0m[36m│[0m
[0m[36m│[0m                                [0m[90m│[0m[97mline1[0m                                                            [0m[36m│[0m
[0m[36m│[0m                                [0m[90m│[0m[97mline2[0m                                                            [0m[36m│[0m
[0m[36m│[0m                                [0m[90m│[0m[97mline3[0m                                                            [0m[36m│[0m
[0m[36m│[0m                                [0m[90m│[0m[32m>>>>>>> theirs[0m                                                   [0m[36m│[0m
[0m[36m│[0m                                [0m[90m│[0m                                                                 [0m[36m│[0m
[0m[36m│[0m                                [0m[90m│--- ancestor ---[0m                                                 [0m[36m│[0m
[0m[36m│[0m                                [0m[90m│line1[0m                                                            [0m[36m│[0m
[0m[36m└──────────────────────────────────────────────────────────────────────────────────────────────────┘[0m
