---
source: stoat/src/test_harness.rs
expression: text
---
actions: open_review
focused: #1 of 1
mode: review
size: 100x20
---
┌──────────────────────────────────────────────────────────────────────────────────────────────────┐
│swap.rs --- 1/1 --- rust                        │                                                 │
││   1 fn alpha() {                              ││.....                                           │
││   2     let x = 1;                           ┌ review ──────────────────────────────────────────┐
││   3     let y = 2;                           │Esc   close the active review                     │
││   4     let z = 3;                           │  q   close the active review                     │
││   5 }                                        │  n   advance to the next review chunk            │
││   6                                          │  p   step back to the previous review chunk      │
││   7 fn beta() {                              │  j   advance to the next review chunk            │
││   8     let p = 10;                          │  k   step back to the previous review chunk      │
││   9     let q = 20;                          │  s   mark the current chunk as staged            │
││  10     let r = 30;                          │  u   mark the current chunk as unstaged          │
││.....                                         │Spc   toggle staged/unstaged for the current chunk│
││.....                                         │  S   skip the current chunk                      │
││.....                                         │  A   apply staged chunks                         │
││.....                                         │  r   rescan the review source                    │
││  11 }                                        │  :   open the command palette                    │
│                                               │──────────────────────────────────────────────────│
│                                               │1/1 · 0 staged · 0 unstaged · 1 pending           │
└───────────────────────────────────────────────└──────────────────────────────────────────────────┘
