---
source: stoat/src/test_harness.rs
assertion_line: 134
expression: text
---
actions: s
focused: #1 of 1
mode: normal
size: 80x24
---
┌──────────────────────────────────────────────────────────────────────────────┐
│                                                                              │
│                                                                              │
│                                                                              │
│                                                                              │
│                                                                              │
│                                                                              │
│                                                                              │
│ ┌ OpenFile ────────────────────────────────────────────────────────────────┐ │
│ │path: /tmp/example.rs                                                     │ │
│ │──────────────────────────────────────────────────────────────────────────│ │
│ │path (string, required)                                                   │ │
│ │Filesystem path of the file to open. Relative paths resolve against the   │ │
│ │current working directory.                                                │ │
│ └──────────────────────────────────────────────────────────────────────────┘ │
│                                                                              │
│                                                                              │
│                                                                              │
│                                                                              │
│                                                                              │
│                                                                              │
│                                                                              │
│                                                                              │
└──────────────────────────────────────────────────────────────────────────────┘
