---
source: stoat/src/test_harness.rs
expression: text
---
actions: open_claude
focused: #1 of 1
mode: normal
size: 60x10
---
┌──────────────────────────────────────────────────────────┐
│                   ┌──────────────────────────────────────┐
│                   │Claude  $0.0000  0 turns              │
│                   │                                      │
│                   │                                      │
│                   │                                      │
│                   │--------------------------------------│
│                   │                                      │
│                   └──────────────────────────────────────┘
└──────────────────────────────────────────────────────────┘
