---
source: stoat/src/test_harness.rs
expression: text
---
actions: s
focused: #1 of 1
mode: normal
size: 80x24
---
[0m[36m┌──────────────────────────────────────────────────────────────────────────────┐[0m
[0m[36m│[0m[7m [0m                                                                             [0m[36m│[0m
[0m[36m│[0m                                                                              [0m[36m│[0m
[0m[36m│[0m                                                                              [0m[36m│[0m
[0m[36m│[0m                                                                              [0m[36m│[0m
[0m[36m│[0m                                                                              [0m[36m│[0m
[0m[36m│[0m                                                                              [0m[36m│[0m
[0m[36m│[0m                                                                              [0m[36m│[0m
[0m[36m│[0m [0m[35m┌ OpenFile ────────────────────────────────────────────────────────────────┐[0m [0m[36m│[0m
[0m[36m│[0m [0m[35m│[0m[33mpath: [0m[97m/tmp/example.rs[0m[30m[107m [0m                                                    [0m[35m│[0m [0m[36m│[0m
[0m[36m│[0m [0m[35m│[0m[90m──────────────────────────────────────────────────────────────────────────[0m[35m│[0m [0m[36m│[0m
[0m[36m│[0m [0m[35m│[0m[90mpath (string, required)[0m                                                   [0m[35m│[0m [0m[36m│[0m
[0m[36m│[0m [0m[35m│[0m[37mFilesystem path of the file to open. Relative paths resolve against the[0m   [0m[35m│[0m [0m[36m│[0m
[0m[36m│[0m [0m[35m│[0m[37mcurrent working directory.[0m                                                [0m[35m│[0m [0m[36m│[0m
[0m[36m│[0m [0m[35m└──────────────────────────────────────────────────────────────────────────┘[0m [0m[36m│[0m
[0m[36m│[0m                                                                              [0m[36m│[0m
[0m[36m│[0m                                                                              [0m[36m│[0m
[0m[36m│[0m                                                                              [0m[36m│[0m
[0m[36m│[0m                                                                              [0m[36m│[0m
[0m[36m│[0m                                                                              [0m[36m│[0m
[0m[36m│[0m                                                                              [0m[36m│[0m
[0m[36m│[0m                                                                              [0m[36m│[0m
[0m[36m│[0m                                                                              [0m[36m│[0m
[0m[36m└──────────────────────────────────────────────────────────────────────────────┘[0m
