---
source: stoat/src/test_harness.rs
expression: text
---
actions: open_file
focused: #1 of 1
mode: normal
size: 40x6
---
[0m[36m┌──────────────────────────────────────┐[0m
[0m[36m│[0m[1m[7m[34mf[0m[1m[34mn[0m[36m [0m[33mmain[0m[37m()[0m[36m [0m[37m{[0m                           [0m[36m│[0m
[0m[36m│    [0m[1m[34mlet[0m[36m [0m[97mx[0m[36m [0m[96m=[0m[36m [0m[32m"hi"[0m[37m;[0m                     [0m[36m│[0m
[0m[36m│[0m[37m}[0m                                     [0m[36m│[0m
[0m[36m│[0m                                      [0m[36m│[0m
[0m[36m└──────────────────────────────────────┘[0m
