---
source: stoat/src/test_harness.rs
expression: text
---
actions: claude_message
focused: #1 of 1
mode: normal
size: 80x24
---
┌──────────────────────────────────────────────────────────────────────────────┐
│Claude                                                                        │
│                                                                              │
│                                                                              │
│                                                                              │
│                                                                              │
│                                                                              │
│                                                                              │
│                                                                              │
│                                                                              │
│                                                                              │
│                                                                              │
│                                                                              │
│                                                                              │
│                                                                              │
│                                                                              │
│                                                                              │
│                                                                              │
│~ Thinking... (3 lines)                                                       │
│                                                                              │
│Done thinking.                                                                │
│------------------------------------------------------------------------------│
│                                                                              │
└──────────────────────────────────────────────────────────────────────────────┘
