---
source: stoat/src/test_harness.rs
expression: text
---
actions: claude_message
focused: #1 of 1
mode: normal
size: 80x24
---
[0m[36m┌──────────────────────────────────────────────────────────────────────────────┐[0m
[0m[36m│[0m[90mClaude[0m                                                                        [0m[36m│[0m
[0m[36m│[0m                                                                              [0m[36m│[0m
[0m[36m│[0m                                                                              [0m[36m│[0m
[0m[36m│[0m                                                                              [0m[36m│[0m
[0m[36m│[0m                                                                              [0m[36m│[0m
[0m[36m│[0m                                                                              [0m[36m│[0m
[0m[36m│[0m                                                                              [0m[36m│[0m
[0m[36m│[0m                                                                              [0m[36m│[0m
[0m[36m│[0m                                                                              [0m[36m│[0m
[0m[36m│[0m                                                                              [0m[36m│[0m
[0m[36m│[0m                                                                              [0m[36m│[0m
[0m[36m│[0m                                                                              [0m[36m│[0m
[0m[36m│[0m                                                                              [0m[36m│[0m
[0m[36m│[0m                                                                              [0m[36m│[0m
[0m[36m│[0m                                                                              [0m[36m│[0m
[0m[36m│[0m                                                                              [0m[36m│[0m
[0m[36m│[0m                                                                              [0m[36m│[0m
[0m[36m│[0m                                                                              [0m[36m│[0m
[0m[36m│[0m                                                                              [0m[36m│[0m
[0m[36m│[0m[97mWorking.[0m                                                                      [0m[36m│[0m
[0m[36m│[0m[90m------------------------------------------------------------------------------[0m[36m│[0m
[0m[36m│[0m[7m [0m                                                                             [0m[36m│[0m
[0m[36m└──────────────────────────────────────────────────────────────────────────────┘[0m
