---
source: stoat/src/test_harness.rs
expression: text
---
actions: r
mode: normal
size: 80x24
---
┌────────────────────────┐ ┌────────────────────────┐ ┌────────────────────────┐
│                        │ │                        │ │                        │
│                        │ │                        │ │                        │
│                        │ │                        │ │                        │
│                        │ │                        │ │                        │
│                        │ │                        │ │                        │
│                        │ │                        │ │                        │
│                        │ │                        │ │                        │
│                        │ │                        │ │                        │
│                        │ │                        │ │                        │
│                        │ │                        │ │                        │
│                        │ │                        │ │                        │
│                        │ │                        │ │                        │
│                        │ │                        │ │                        │
│                        │ │                        │ │                        │
│                        │ │                        │ │                        │
│                        │ │                        │ │                        │
│                        │ │                        │ │                        │
│                        │ │                        │ │                        │
│                        │ │                        │ │                        │
│                        │ │                        │ │                        │
│                        │ │                        │ │                        │
│                        │ │                        │ │                        │
└────────────────────────┘ └────────────────────────┘ └────────────────────────┘
