---
source: stoat/src/test_harness.rs
expression: text
---
actions: claude_message
focused: #2 of 2
mode: prompt
size: 80x24
---
[0m[90mline 048[0m                               [0m[36m│[0m[90mClaude ● follow[0m
[0m[90mline 049[0m                               [0m[36m│[0m
[0m[90mline 050[0m                               [0m[36m│[0m
[0m[90mline 051[0m                               [0m[36m│[0m
[0m[90mline 052[0m                               [0m[36m│[0m
[0m[90mline 053[0m                               [0m[36m│[0m
[0m[90mline 054[0m                               [0m[36m│[0m
[0m[90mline 055[0m                               [0m[36m│[0m
[0m[90mline 056[0m                               [0m[36m│[0m
[0m[90mline 057[0m                               [0m[36m│[0m
[0m[90mline 058[0m                               [0m[36m│[0m
[0m[90mline 059[0m                               [0m[36m│[0m
[0m[90mline 060[0m                               [0m[36m│[0m
[0m[90mline 061[0m                               [0m[36m│[0m
[0m[90mline 062[0m                               [0m[36m│[0m
[0m[90mline 063[0m                               [0m[36m│[0m
[0m[90mline 064[0m                               [0m[36m│[0m
[0m[90mline 065[0m                               [0m[36m│[0m
[0m[90mline 066[0m                               [0m[36m│[0m
[0m[90mline 067[0m                               [0m[36m│[0m[34m⏺ Read(test/long.txt:50)[0m
[0m[90mline 068[0m                               [0m[36m│[0m[35m  running[0m
[0m[90mline 069[0m                               [0m[36m│[0m[90m----------------------------------------[0m
[0m[90mline 070[0m                               [0m[36m│[0m[7m [0m
[0m[90m[40m long.txt                         50:1 [0m[36m│[0m[1m[30m[42m PMT [0m[1m[97m[100m test [0m[97m[100m[claude]                     [0m
