---
source: stoat/src/test_harness.rs
expression: text
---
actions: space
mode: space
size: 80x24
---
┌──────────────────────────────────────────────────────────────────────────────┐
│                                    Pane 0                                    │
│                                                                              │
│                                                                              │
│                                                                              │
│                                                                              │
│                                                                              │
│                                                                              │
│                                                                              │
│                                                                              │
│                                                                              │
│                                                                              │
│                                                                              │
│                                                                              │
│                                                                              │
│                                                                              │
│                                                                              │
│                                                                              │
│                                                                              │
│                                                                              │
│                                                            ┌ space ──────────┐
│                                                            │Esc   normal mode│
│                                                            │  q   exit stoat │
└────────────────────────────────────────────────────────────└─────────────────┘
