---
source: stoat/src/test_harness.rs
expression: text
---
actions: ctrl-u
focused: #1 of 1
mode: normal
size: 30x10
---
[0m[7m[97ml[0m[97mine05[0m
[0m[97mline06[0m
[0m[97mline07[0m
[0m[97mline08[0m
[0m[97mline09[0m
[0m[97mline10[0m
[0m[97mline11[0m
[0m[97mline12[0m
[0m[97mline13[0m
[0m[1m[30m[44m NOR [0m[1m[97m[100m (unnamed) [0m[97m[100m/test/s.txt   [0m
