---
source: stoat/src/test_harness.rs
expression: text
---
actions: s
focused: #1 of 1
mode: prompt
size: 80x24
---
[0m[7m [0m







  [0m[38;2;197;134;192m┌ OpenFile ────────────────────────────────────────────────────────────────┐[0m
  [0m[38;2;197;134;192m│[0m[38;2;220;220;170mpath: [0m[38;2;204;204;204m/tmp/example.rs[0m[7m [0m                                                    [0m[38;2;197;134;192m│[0m
  [0m[38;2;197;134;192m│[0m[38;2;128;128;128m──────────────────────────────────────────────────────────────────────────[0m[38;2;197;134;192m│[0m
  [0m[38;2;197;134;192m│[0m[38;2;128;128;128mpath (string, required)[0m                                                   [0m[38;2;197;134;192m│[0m
  [0m[38;2;197;134;192m│[0m[38;2;160;160;160mFilesystem path of the file to open. Relative paths resolve against the[0m   [0m[38;2;197;134;192m│[0m
  [0m[38;2;197;134;192m│[0m[38;2;160;160;160mcurrent working directory.[0m                                                [0m[38;2;197;134;192m│[0m
  [0m[38;2;197;134;192m└──────────────────────────────────────────────────────────────────────────┘[0m



                                       [0m[38;2;220;220;170m┌ palette ──────────────────────────────┐[0m
                                       [0m[38;2;220;220;170m│[0m[38;2;79;193;255mUp, C-p[0m[38;2;204;204;204m   select previous palette entry[0m[38;2;220;220;170m│[0m
                                       [0m[38;2;220;220;170m│[0m[38;2;79;193;255mDn, C-n[0m[38;2;204;204;204m   select next palette entry[0m    [0m[38;2;220;220;170m│[0m
                                       [0m[38;2;220;220;170m│[0m[38;2;79;193;255m  S-Tab[0m[38;2;204;204;204m   toggle command palette scope[0m [0m[38;2;220;220;170m│[0m
                                       [0m[38;2;220;220;170m└───────────────────────────────────────┘[0m
[0m[1m[30m[48;2;78;201;176m PMT [0m[1m[38;2;204;204;204m[48;2;128;128;128m (unnamed) [0m[38;2;204;204;204m[48;2;128;128;128m[scratch]                                                   1:1 [0m
