---
source: stoat/src/test_harness.rs
expression: text
---
actions: o
focused: #1 of 1
mode: prompt
size: 80x24
---
[0m[7m [0m

  [0m[35m┌ file finder (all) ───────────────────────────────────────────────────────┐[0m
  [0m[35m│[0m[33m>[0m [0m[97m.rs foo[0m[7m [0m                                                                [0m[35m│[0m
  [0m[35m│[0m[90m──────────────────────────────────────────────────────────────────────────[0m[35m│[0m
  [0m[35m│[0m[30m[46m src/[0m[30m[43mfoo.rs[0m[30m[46m                                                               [0m[35m│[0m
  [0m[35m│[0m                                                                          [0m[35m│[0m
  [0m[35m│[0m                                                                          [0m[35m│[0m
  [0m[35m│[0m                                                                          [0m[35m│[0m
  [0m[35m│[0m                                                                          [0m[35m│[0m
  [0m[35m│[0m                                                                          [0m[35m│[0m
  [0m[35m│[0m                                                                          [0m[35m│[0m
  [0m[35m│[0m                                                                          [0m[35m│[0m
  [0m[35m│[0m                                                                          [0m[35m│[0m
  [0m[35m│[0m                                                                          [0m[35m│[0m
  [0m[35m│[0m                                                                          [0m[35m│[0m
  [0m[35m│[0m                                                                          [0m[35m│[0m
  [0m[35m│[0m                                                                          [0m[35m│[0m
  [0m[35m│[0m                                         [0m[33m┌ finder ──────────────────────────┐[0m
  [0m[35m│[0m                                         [0m[33m│[0m[36mUp, C-p[0m[97m   select previous file[0m  [0m[35m│[0m [0m[33m│[0m
  [0m[35m│[0m                                         [0m[33m│[0m[36mDn, C-n[0m[97m   select next file[0m      [0m[35m│[0m [0m[33m│[0m
  [0m[35m└─────────────────────────────────────────[0m[33m│[0m[36m  S-Tab[0m[97m   toggle file finder scope[0m[33m│[0m
                                            [0m[33m└──────────────────────────────────┘[0m
[0m[1m[30m[42m PMT [0m[1m[97m[100m stoat-finder-test [0m[97m[100m[scratch]                                           1:1 [0m
