---
source: stoat/src/test_harness.rs
expression: text
---
actions: esc
focused: #1 of 1
mode: normal
size: 80x24
---
[0m[7m [0m

  [0m[36m┌ help: active (normal) ───────────────────────────────────────────────────┐[0m
  [0m[36m│[0m[33m: [0m                                                                        [0m[36m│[0m
  [0m[36m│[0m[1m[30m[44m NOR [0m[97m[100m                                                                     [0m[36m│[0m
  [0m[36m│[0m[30m[46m   "  SelectRegister  select re[0m[90m│[0m [0m[1m[33mSelectRegister[0m                           [0m[36m│[0m
  [0m[36m│[0m[97m [0m[36m  %[0m[97m  SelectAll  [0m[90mselect all[0m[97m    [0m[90m│[0m [0m[36mbound: "[0m                                 [0m[36m│[0m
  [0m[36m│[0m[97m [0m[36m  &[0m[97m  AlignSelections  [0m[90malign se│[0m [0m[97mselect register for next yank/paste[0m      [0m[36m│[0m
  [0m[36m│[0m[97m [0m[36m  ([0m[97m  RotateSelectionsBackward [0m[90m│[0m                                          [0m[36m│[0m
  [0m[36m│[0m[97m [0m[36m  )[0m[97m  RotateSelectionsForward  [0m[90m│[0m [0m[97mWait for the next char keypress; the[0m     [0m[36m│[0m
  [0m[36m│[0m[97m [0m[36m  ,[0m[97m  KeepPrimarySelection  [0m[90mkee│[0m [0m[97mcaptured letter selects a named register[0m [0m[36m│[0m
  [0m[36m│[0m[97m [0m[36m  /[0m[97m  OpenSearchInput  [0m[90mopen for│[0m [0m[97m(`a-z`[0m[33m┌ help ──────────────────────────────┐[0m
  [0m[36m│[0m[97m [0m[36m  0[0m[97m  GotoLineStart  [0m[90mgoto line │[0m [0m[97m`Paste[0m[33m│[0m[36m      Esc[0m[97m   close helpoperation.[0m  [0m[36m│[0m [0m[33m│[0m
  [0m[36m│[0m[97m [0m[36m  :[0m[97m  OpenCommandPalette  [0m[90mopen │[0m [0m[97mTyping[0m[33m│[0m[36m     i, a[0m[97m   prompt mode register[0m  [0m[36m│[0m [0m[33m│[0m
  [0m[36m│[0m[97m [0m[36m  ;[0m[97m  CollapseSelection  [0m[90mcollap│[0m [0m[97mexplic[0m[33m│[0m[36m      Ret[0m[97m   submit prompt inputby[0m [0m[36m│[0m [0m[33m│[0m
  [0m[36m│[0m[97m [0m[36m  <[0m[97m  UnindentSelection  [0m[90muninde│[0m [0m[97mthe ne[0m[33m│[0m[36m    j, Dn[0m[97m   next help entry to the[0m[36m│[0m [0m[33m│[0m
  [0m[36m│[0m[97m [0m[36m  =[0m[97m  FormatSelections  [0m[90mformat │[0m [0m[97munname[0m[33m│[0m[36m    k, Up[0m[97m   previous help entry[0m   [0m[36m│[0m [0m[33m│[0m
  [0m[36m│[0m[97m [0m[36m  >[0m[97m  IndentSelection  [0m[90mindent s│[0m       [0m[33m│[0m[36m        g[0m[97m   jump to first help entry[0m[33m│[0m
  [0m[36m│[0m[97m [0m[36m  ?[0m[97m  OpenReverseSearchInput  [0m[90mo│[0m [0m[1m[33mExampl│[0m[1m[36m [0m[36m       G[0m[97m   jump to last help entry[0m [0m[33m│[0m
  [0m[36m│[0m[97m [0m[36m  A[0m[97m  GotoLineEnd  [0m[90mgoto line en│[0m [0m[90m  Sele[0m[33m│[0m[36mC-u, PgUp[0m[97m   scroll help detail up[0m [0m[36m│[0m [0m[33m│[0m
  [0m[36m│[0m[97m [0m[36mA-,[0m[97m  RemovePrimarySelection  [0m[90mr│[0m       [0m[33m│[0m[36mC-d, PgDn[0m[97m   scroll help detail down[0m [0m[33m│[0m
  [0m[36m└───────────────────────────────────────[0m[33m│[0m[36m    S-Tab[0m[97m   toggle help scope[0m[36m─────┘[0m [0m[33m│[0m
                                          [0m[33m└────────────────────────────────────┘[0m
[0m[1m[30m[44m NOR [0m[1m[97m[100m (unnamed) [0m[97m[100m[scratch]                                                   1:1 [0m
