---
source: stoat/src/test_harness.rs
expression: text
---
actions: open_file
focused: #3 of 3
mode: normal
size: 80x24
---
[0m[90mAAA[0m                       [0m[90m│BBB[0m                       [0m[36m│[0m[7m[97mC[0m[97mCC[0m
                          [0m[90m│[0m                          [0m[36m│[0m
                          [0m[90m│[0m                          [0m[36m│[0m
                          [0m[90m│[0m                          [0m[36m│[0m
                          [0m[90m│[0m                          [0m[36m│[0m
                          [0m[90m│[0m                          [0m[36m│[0m
                          [0m[90m│[0m                          [0m[36m│[0m
                          [0m[90m│[0m                          [0m[36m│[0m
                          [0m[90m│[0m                          [0m[36m│[0m
                          [0m[90m│[0m                          [0m[36m│[0m
                          [0m[90m│[0m                          [0m[36m│[0m
                          [0m[90m│[0m                          [0m[36m│[0m
                          [0m[90m│[0m                          [0m[36m│[0m
                          [0m[90m│[0m                          [0m[36m│[0m
                          [0m[90m│[0m                          [0m[36m│[0m
                          [0m[90m│[0m                          [0m[36m│[0m
                          [0m[90m│[0m                          [0m[36m│[0m
                          [0m[90m│[0m                          [0m[36m│[0m
                          [0m[90m│[0m                          [0m[36m│[0m
                          [0m[90m│[0m                          [0m[36m│[0m
                          [0m[90m│[0m                          [0m[36m│[0m
                          [0m[90m│[0m                          [0m[36m│[0m
                          [0m[90m│[0m                          [0m[36m│[0m
[0m[90m[40m /test/a.txt          1:1 [0m[90m│[0m[90m[40m /test/b.txt          1:1 [0m[36m│[0m[1m[30m[44m NOR [0m[1m[97m[100m (unnamed) [0m[97m[100m/test/c.tx[0m
