---
source: stoat/src/test_harness.rs
expression: text
---
actions: snapshot
focused: #1 of 1
mode: prompt
size: 60x10
---

                    [0m[38;2;62;62;66m┌──────────────────────────────────────┐[0m
                    [0m[38;2;62;62;66m│[0m[38;2;128;128;128mClaude[0m                                [0m[38;2;62;62;66m│[0m
                    [0m[38;2;62;62;66m│[0m                                      [0m[38;2;62;62;66m│[0m
                    [0m[38;2;62;62;66m│[0m                                      [0m[38;2;62;62;66m│[0m
                    [0m[38;2;62;62;66m│[0m                                      [0m[38;2;62;62;66m│[0m
                    [0m[38;2;62;62;66m│[0m[38;2;128;128;128m--------------------------------------[0m[38;2;62;62;66m│[0m
                    [0m[38;2;62;62;66m│[0m[7m [0m                                     [0m[38;2;62;62;66m│[0m
                    [0m[38;2;62;62;66m└──────────────────────────────────────┘[0m
[0m[38;2;128;128;128m[48;2;30;30;30m [scratch]                                              1:1 [0m
