---
source: stoat/src/test_harness.rs
expression: text
---
actions: open_file
focused: #1 of 1
mode: normal
size: 80x24
---
[0m[7m[38;2;204;204;204mf[0m[38;2;204;204;204mile B[0m






















[0m[1m[30m[48;2;86;156;214m NOR [0m[1m[38;2;204;204;204m[48;2;30;30;30m (unnamed) [0m[38;2;204;204;204m[48;2;30;30;30m/test/b.txt                                                 1:1 [0m
