---
source: stoat/src/test_harness.rs
expression: text
---
actions: enter
focused: #1 of 1
mode: conflict
size: 100x18
---
[0m[1m[38;2;208;114;119mconflict picking c3[0m              [0m[38;2;169;175;188m│[0m
[0m[38;2;169;175;188mo take ours  t take theirs  s skip entry  Enter commit  a abort[0m
                                 [0m[38;2;169;175;188m│[0m
[0m[7m[30m[48;2;220;224;229m? a.rs                           [0m[38;2;169;175;188m│unresolved (defaults to theirs)[0m
                                 [0m[38;2;169;175;188m│[0m
                                 [0m[38;2;169;175;188m│[0m[38;2;208;114;119m<<<<<<< ours[0m
                                 [0m[38;2;169;175;188m│[0m[38;2;220;224;229mline1[0m
                                 [0m[38;2;169;175;188m│[0m[38;2;220;224;229mline2[0m
                                 [0m[38;2;169;175;188m│=======[0m
                                 [0m[38;2;169;175;188m│[0m[38;2;220;224;229mline1[0m
                                 [0m[38;2;169;175;188m│[0m[38;2;220;224;229mline2[0m
                                 [0m[38;2;169;175;188m│[0m[38;2;220;224;229mline3[0m
                                 [0m[38;2;169;175;188m│[0m[38;2;161;193;129m>>>>>>> theirs[0m
                                 [0m[38;2;169;175;188m│[0m
                                 [0m[38;2;169;175;188m│--- ancestor ---[0m
                                 [0m[38;2;169;175;188m│line1[0m
                                 [0m[38;2;169;175;188m│line2[0m
[0m[1m[30m[101m CNF [0m[1m[38;2;220;224;229m[48;2;59;65;77m repo [0m[38;2;220;224;229m[48;2;59;65;77mconflict                                                                                 [0m
