---
source: stoat/src/test_harness.rs
expression: text
---
actions: :
focused: #1 of 1
mode: normal
size: 80x24
---
┌──────────────────────────────────────────────────────────────────────────────┐
│                                                                              │
│                                                                              │
│                                                                              │
│ ┌ command palette ─────────────────────────────────────────────────────────┐ │
│ │:                                                                         │ │
│ │──────────────────────────────────────────────────────────────────────────│ │
│ │ AddSelectionBelow  add cursor below                                      │ │
│ │ ClosePane          close pane                                            │ │
│ │ FocusDown          focus pane down                                       │ │
│ │ FocusLeft          focus pane left                                       │ │
│ │ FocusNext          focus next pane                                       │ │
│ │ FocusPrev          focus previous pane                                   │ │
│ │ FocusRight         focus pane right                                      │ │
│ │ FocusUp            focus pane up                                         │ │
│ │ OpenFile           open a file                                           │ │
│ │ OpenReview         review changed files                                  │ │
│ │──────────────────────────────────────────────────────────────────────────│ │
│ │Add a new cursor on the line below the newest cursor.                     │ │
│ └──────────────────────────────────────────────────────────────────────────┘ │
│                                                                              │
│                                                                              │
│                                                                              │
└──────────────────────────────────────────────────────────────────────────────┘
