---
source: stoat/src/test_harness.rs
expression: text
---
actions: :
focused: #1 of 1
mode: prompt
size: 80x24
---
[0m[7m [0m



  [0m[35m┌ command palette (applicable) ────────────────────────────────────────────┐[0m
  [0m[35m│[0m[33m:[0m [0m[7m [0m                                                                       [0m[35m│[0m
  [0m[35m│[0m[90m──────────────────────────────────────────────────────────────────────────[0m[35m│[0m
  [0m[35m│[0m[30m[46m AddSelectionBelow  add cursor below                                      [0m[35m│[0m
  [0m[35m│[0m[97m ClosePane          [0m[90mclose pane[0m[97m                                            [0m[35m│[0m
  [0m[35m│[0m[97m CloseWorkspace     [0m[90mclose this workspace[0m[97m                                  [0m[35m│[0m
  [0m[35m│[0m[97m CopyWorkspace      [0m[90mduplicate this workspace[0m[97m                              [0m[35m│[0m
  [0m[35m│[0m[97m Dump               [0m[90mcapture a workspace dump[0m[97m                              [0m[35m│[0m
  [0m[35m│[0m[97m FocusDown          [0m[90mfocus pane down[0m[97m                                       [0m[35m│[0m
  [0m[35m│[0m[97m FocusLeft          [0m[90mfocus pane left[0m[97m                                       [0m[35m│[0m
  [0m[35m│[0m[97m FocusNext          [0m[90mfocus next pane[0m[97m                                       [0m[35m│[0m
  [0m[35m│[0m[97m FocusPrev          [0m[90mfocus previous pane[0m[97m                                   [0m[35m│[0m
  [0m[35m│[0m[97m FocusRight         [0m[90mfocus pane right[0m[97m                                      [0m[35m│[0m
  [0m[35m│[0m[90m──────────────────────────────────────────────────────────────────────────[0m[35m│[0m
  [0m[35m│[0m[37mAdd a new cursor on the line below the newest cursor.[0m                     [0m[35m│[0m
  [0m[35m└──────────────────────────────────────────────────────────────────────────┘[0m



[0m[1m[30m[42m PMT [0m[1m[97m[100m (unnamed) [0m[97m[100m[scratch]                                                   1:1 [0m
