---
source: stoat/src/test_harness.rs
expression: text
---
actions: snapshot
focused: #1 of 1
mode: normal
size: 80x24
---
[0m[7m[97mu[0m[97mnsaved[0m








     [0m[35m┌ unsaved buffers ───────────────────────────────────────────────────┐[0m
     [0m[35m│[0m[33m1 buffer has unsaved changes:[0m                                       [0m[35m│[0m
     [0m[35m│[0m                                                                    [0m[35m│[0m
     [0m[35m│[0m[97m * <scratch>[0m                                                        [0m[35m│[0m
     [0m[35m└────────────────────────────────────────────────────────────────────┘[0m





                                                     [0m[33m┌ quit ───────────────────┐[0m
                                                     [0m[33m│[0m[36my, Enter[0m[97m   discard & quit[0m[33m│[0m
                                                     [0m[33m│[0m[36m  n, Esc[0m[97m   cancel[0m        [0m[33m│[0m
                                                     [0m[33m└─────────────────────────┘[0m
[0m[1m[30m[44m NOR [0m[1m[97m[100m (unnamed) [0m[97m[100m[scratch] [+]                                               1:1 [0m
