---
source: stoat/src/test_harness.rs
expression: text
---
actions: fold
focused: #1 of 1
mode: normal
size: 40x8
---
┌──────────────────────────────────────┐
│fn a() { 1 }                          │
│fn b() ...                            │
│ }                                    │
│                                      │
│                                      │
│                                      │
└──────────────────────────────────────┘
