---
source: stoat/src/test_harness.rs
expression: text
---
actions: resize
mode: normal
size: 80x24
---
[0m[36m┌──────────────────────────────────────────────────────────────────────────────┐[0m
[0m[36m│[0m                                    [0m[36mPane 0[0m                                    [0m[36m│[0m
[0m[36m│[0m                                                                              [0m[36m│[0m
[0m[36m│[0m                                                                              [0m[36m│[0m
[0m[36m│[0m                                                                              [0m[36m│[0m
[0m[36m│[0m                                                                              [0m[36m│[0m
[0m[36m│[0m                                                                              [0m[36m│[0m
[0m[36m│[0m                                                                              [0m[36m│[0m
[0m[36m│[0m                                                                              [0m[36m│[0m
[0m[36m│[0m                                                                              [0m[36m│[0m
[0m[36m│[0m                                                                              [0m[36m│[0m
[0m[36m│[0m                                                                              [0m[36m│[0m
[0m[36m│[0m                                                                              [0m[36m│[0m
[0m[36m│[0m                                                                              [0m[36m│[0m
[0m[36m│[0m                                                                              [0m[36m│[0m
[0m[36m│[0m                                                                              [0m[36m│[0m
[0m[36m│[0m                                                                              [0m[36m│[0m
[0m[36m│[0m                                                                              [0m[36m│[0m
[0m[36m│[0m                                                                              [0m[36m│[0m
[0m[36m│[0m                                                                              [0m[36m│[0m
[0m[36m│[0m                                                                              [0m[36m│[0m
[0m[36m│[0m                                                                              [0m[36m│[0m
[0m[36m│[0m                                                                              [0m[36m│[0m
[0m[36m└──────────────────────────────────────────────────────────────────────────────┘[0m
