---
source: stoat/src/test_harness.rs
expression: text
---
actions: open_file
focused: #3 of 3
mode: normal
size: 80x24
---
[0m[38;2;128;128;128mAAA[0m                       [0m[38;2;42;42;42m│[0m[38;2;128;128;128mBBB[0m                       [0m[38;2;62;62;66m│[0m[7m[38;2;204;204;204mC[0m[38;2;204;204;204mCC[0m
                          [0m[38;2;42;42;42m│[0m                          [0m[38;2;62;62;66m│[0m
                          [0m[38;2;42;42;42m│[0m                          [0m[38;2;62;62;66m│[0m
                          [0m[38;2;42;42;42m│[0m                          [0m[38;2;62;62;66m│[0m
                          [0m[38;2;42;42;42m│[0m                          [0m[38;2;62;62;66m│[0m
                          [0m[38;2;42;42;42m│[0m                          [0m[38;2;62;62;66m│[0m
                          [0m[38;2;42;42;42m│[0m                          [0m[38;2;62;62;66m│[0m
                          [0m[38;2;42;42;42m│[0m                          [0m[38;2;62;62;66m│[0m
                          [0m[38;2;42;42;42m│[0m                          [0m[38;2;62;62;66m│[0m
                          [0m[38;2;42;42;42m│[0m                          [0m[38;2;62;62;66m│[0m
                          [0m[38;2;42;42;42m│[0m                          [0m[38;2;62;62;66m│[0m
                          [0m[38;2;42;42;42m│[0m                          [0m[38;2;62;62;66m│[0m
                          [0m[38;2;42;42;42m│[0m                          [0m[38;2;62;62;66m│[0m
                          [0m[38;2;42;42;42m│[0m                          [0m[38;2;62;62;66m│[0m
                          [0m[38;2;42;42;42m│[0m                          [0m[38;2;62;62;66m│[0m
                          [0m[38;2;42;42;42m│[0m                          [0m[38;2;62;62;66m│[0m
                          [0m[38;2;42;42;42m│[0m                          [0m[38;2;62;62;66m│[0m
                          [0m[38;2;42;42;42m│[0m                          [0m[38;2;62;62;66m│[0m
                          [0m[38;2;42;42;42m│[0m                          [0m[38;2;62;62;66m│[0m
                          [0m[38;2;42;42;42m│[0m                          [0m[38;2;62;62;66m│[0m
                          [0m[38;2;42;42;42m│[0m                          [0m[38;2;62;62;66m│[0m
                          [0m[38;2;42;42;42m│[0m                          [0m[38;2;62;62;66m│[0m
                          [0m[38;2;42;42;42m│[0m                          [0m[38;2;62;62;66m│[0m
[0m[38;2;128;128;128m[48;2;59;65;77m /test/a.txt          1:1 [0m[38;2;42;42;42m│[0m[38;2;128;128;128m[48;2;59;65;77m /test/b.txt          1:1 [0m[38;2;62;62;66m│[0m[1m[30m[48;2;86;156;214m NOR [0m[1m[38;2;204;204;204m[48;2;59;65;77m (unnamed) [0m[38;2;204;204;204m[48;2;59;65;77m/test/c.tx[0m
