---
source: stoat/src/test_harness.rs
expression: text
---
actions: o
focused: #1 of 1
mode: prompt
size: 80x24
---
[0m[7m [0m

  [0m[38;2;197;134;192m┌ file finder (all) ───────────────────────────────────────────────────────┐[0m
  [0m[38;2;197;134;192m│[0m[38;2;220;220;170m>[0m [0m[38;2;204;204;204m.rs foo[0m[7m [0m                                                                [0m[38;2;197;134;192m│[0m
  [0m[38;2;197;134;192m│[0m[38;2;128;128;128m──────────────────────────────────────────────────────────────────────────[0m[38;2;197;134;192m│[0m
  [0m[38;2;197;134;192m│[0m[30m[48;2;79;193;255m src/[0m[30m[48;2;220;220;170mfoo.rs[0m[30m[48;2;79;193;255m                                                               [0m[38;2;197;134;192m│[0m
  [0m[38;2;197;134;192m│[0m                                                                          [0m[38;2;197;134;192m│[0m
  [0m[38;2;197;134;192m│[0m                                                                          [0m[38;2;197;134;192m│[0m
  [0m[38;2;197;134;192m│[0m                                                                          [0m[38;2;197;134;192m│[0m
  [0m[38;2;197;134;192m│[0m                                                                          [0m[38;2;197;134;192m│[0m
  [0m[38;2;197;134;192m│[0m                                                                          [0m[38;2;197;134;192m│[0m
  [0m[38;2;197;134;192m│[0m                                                                          [0m[38;2;197;134;192m│[0m
  [0m[38;2;197;134;192m│[0m                                                                          [0m[38;2;197;134;192m│[0m
  [0m[38;2;197;134;192m│[0m                                                                          [0m[38;2;197;134;192m│[0m
  [0m[38;2;197;134;192m│[0m                                                                          [0m[38;2;197;134;192m│[0m
  [0m[38;2;197;134;192m│[0m                                                                          [0m[38;2;197;134;192m│[0m
  [0m[38;2;197;134;192m│[0m                                                                          [0m[38;2;197;134;192m│[0m
  [0m[38;2;197;134;192m│[0m                                                                          [0m[38;2;197;134;192m│[0m
  [0m[38;2;197;134;192m│[0m                                         [0m[38;2;220;220;170m┌ finder ──────────────────────────┐[0m
  [0m[38;2;197;134;192m│[0m                                         [0m[38;2;220;220;170m│[0m[38;2;79;193;255mUp, C-p[0m[38;2;204;204;204m   select previous file[0m  [0m[38;2;197;134;192m│[0m [0m[38;2;220;220;170m│[0m
  [0m[38;2;197;134;192m│[0m                                         [0m[38;2;220;220;170m│[0m[38;2;79;193;255mDn, C-n[0m[38;2;204;204;204m   select next file[0m      [0m[38;2;197;134;192m│[0m [0m[38;2;220;220;170m│[0m
  [0m[38;2;197;134;192m└─────────────────────────────────────────[0m[38;2;220;220;170m│[0m[38;2;79;193;255m  S-Tab[0m[38;2;204;204;204m   toggle file finder scope[0m[38;2;220;220;170m│[0m
                                            [0m[38;2;220;220;170m└──────────────────────────────────┘[0m
[0m[1m[30m[48;2;78;201;176m PMT [0m[1m[38;2;204;204;204m[48;2;128;128;128m stoat-finder-test [0m[38;2;204;204;204m[48;2;128;128;128m[scratch]                                           1:1 [0m
