---
source: stoat/src/test_harness.rs
expression: text
---
actions: space
focused: #1 of 1
mode: insert
size: 120x30
---
  [0m[38;2;99;109;131m1[0m   [0m[7m [0m



                    [0m[38;2;99;109;131m┌ OpenFile ────────────────────────────────────────────────────────────────────┐[0m
                    [0m[38;2;99;109;131m│[0m[38;2;229;192;123m:[0m [0m[38;2;250;250;250mo [0m[7m [0m                                                                         [0m[38;2;99;109;131m│[0m
                    [0m[38;2;99;109;131m│──────────────────────────────────────────────────────────────────────────────│[0m
                    [0m[38;2;99;109;131m│[0m[38;2;40;44;52m[48;2;86;182;194m README.md                     [0m[38;2;99;109;131m│[0m[1m[38;2;110;213;222m# project[0m                                     [0m[38;2;99;109;131m│[0m
                    [0m[38;2;99;109;131m│[0m[38;2;250;250;250m src/lib.rs                    [0m[38;2;99;109;131m│[0m                                              [0m[38;2;99;109;131m│[0m
                    [0m[38;2;99;109;131m│[0m[38;2;250;250;250m src/main.rs                   [0m[38;2;99;109;131m│[0m                                              [0m[38;2;99;109;131m│[0m
                    [0m[38;2;99;109;131m│[0m                               [0m[38;2;99;109;131m│[0m                                              [0m[38;2;99;109;131m│[0m
                    [0m[38;2;99;109;131m│[0m                               [0m[38;2;99;109;131m│[0m                                              [0m[38;2;99;109;131m│[0m
                    [0m[38;2;99;109;131m│[0m                               [0m[38;2;99;109;131m│[0m                                              [0m[38;2;99;109;131m│[0m
                    [0m[38;2;99;109;131m│[0m                               [0m[38;2;99;109;131m│[0m                                              [0m[38;2;99;109;131m│[0m
                    [0m[38;2;99;109;131m│[0m                               [0m[38;2;99;109;131m│[0m                                              [0m[38;2;99;109;131m│[0m
                    [0m[38;2;99;109;131m│[0m                               [0m[38;2;99;109;131m│[0m                                              [0m[38;2;99;109;131m│[0m
                    [0m[38;2;99;109;131m│[0m                               [0m[38;2;99;109;131m│[0m                                              [0m[38;2;99;109;131m│[0m
                    [0m[38;2;99;109;131m│[0m                               [0m[38;2;99;109;131m│[0m                                              [0m[38;2;99;109;131m│[0m
                    [0m[38;2;99;109;131m│[0m                               [0m[38;2;99;109;131m│[0m                                              [0m[38;2;99;109;131m│[0m
                    [0m[38;2;99;109;131m│[0m                               [0m[38;2;99;109;131m│[0m                         [0m[38;2;99;109;131m┌ palette ───────────────────────────────┐[0m
                    [0m[38;2;99;109;131m│[0m                               [0m[38;2;99;109;131m│[0m                         [0m[38;2;99;109;131m│[0m [0m[38;2;86;182;194m   Up[0m[38;2;250;250;250m   recall older palette history[0m   [0m[38;2;99;109;131m│[0m
                    [0m[38;2;99;109;131m│[0m                               [0m[38;2;99;109;131m│[0m                         [0m[38;2;99;109;131m│[0m [0m[38;2;86;182;194m   Dn[0m[38;2;250;250;250m   recall newer palette history[0m   [0m[38;2;99;109;131m│[0m
                    [0m[38;2;99;109;131m│[0m                               [0m[38;2;99;109;131m│[0m                         [0m[38;2;99;109;131m│[0m [0m[38;2;86;182;194m  C-p[0m[38;2;250;250;250m   select previous palette entry[0m  [0m[38;2;99;109;131m│[0m
                    [0m[38;2;99;109;131m│[0m                               [0m[38;2;99;109;131m│[0m                         [0m[38;2;99;109;131m│[0m [0m[38;2;86;182;194m  C-n[0m[38;2;250;250;250m   select next palette entry[0m      [0m[38;2;99;109;131m│[0m
                    [0m[38;2;99;109;131m└─────────────────────────────────────────────────────────│[0m [0m[38;2;86;182;194m  C-f[0m[38;2;250;250;250m   page palette down[0m              [0m[38;2;99;109;131m│[0m
                                                                              [0m[38;2;99;109;131m│[0m [0m[38;2;86;182;194m  C-b[0m[38;2;250;250;250m   page palette up[0m                [0m[38;2;99;109;131m│[0m
                                                                              [0m[38;2;99;109;131m│[0m [0m[38;2;86;182;194m  Tab[0m[38;2;250;250;250m   complete selected palette path[0m [0m[38;2;99;109;131m│[0m
                                                                              [0m[38;2;99;109;131m│[0m [0m[38;2;86;182;194mS-Tab[0m[38;2;250;250;250m   toggle command palette scope[0m   [0m[38;2;99;109;131m│[0m
                                                                              [0m[38;2;99;109;131m└────────────────────────────────────────┘[0m
[0m[1m[38;2;40;44;52m[48;2;152;195;121m INS [0m[1m[38;2;250;250;250m[48;2;99;109;131m stoat-palette-test [0m[38;2;250;250;250m[48;2;99;109;131m[scratch]                                                                                  1:1 [0m
