---
source: stoat/src/test_harness.rs
expression: text
---
actions: s
focused: #2 of 2
mode: normal
size: 80x24
---
                                       [0m[38;2;62;62;66m│[0m[7m [0m
                                       [0m[38;2;62;62;66m│[0m
                                       [0m[38;2;62;62;66m│[0m
                                       [0m[38;2;62;62;66m│[0m
                                       [0m[38;2;62;62;66m│[0m
                                       [0m[38;2;62;62;66m│[0m
                                       [0m[38;2;62;62;66m│[0m
                                       [0m[38;2;62;62;66m│[0m
                                       [0m[38;2;62;62;66m│[0m
                                       [0m[38;2;62;62;66m│[0m
                                       [0m[38;2;62;62;66m│[0m
                                       [0m[38;2;62;62;66m│[0m
                                       [0m[38;2;62;62;66m│[0m
                                       [0m[38;2;62;62;66m│[0m
                                       [0m[38;2;62;62;66m│[0m
                                       [0m[38;2;62;62;66m│[0m
                                       [0m[38;2;62;62;66m│[0m
                                       [0m[38;2;62;62;66m│[0m
                                       [0m[38;2;62;62;66m│[0m
                                       [0m[38;2;62;62;66m│[0m
                                       [0m[38;2;62;62;66m│[0m
                                       [0m[38;2;62;62;66m│[0m
                                       [0m[38;2;62;62;66m│[0m
[0m[38;2;128;128;128m[40m [scratch]                         1:1 [0m[38;2;62;62;66m│[0m[1m[30m[48;2;86;156;214m NOR [0m[1m[38;2;204;204;204m[48;2;128;128;128m (unnamed) [0m[38;2;204;204;204m[48;2;128;128;128m[scratch]           1:1 [0m
