---
source: stoat/src/test_harness.rs
expression: text
---
actions: snapshot
focused: #1 of 1
mode: normal
size: 80x24
---
[0m[31mE[0m[7m[97ma[0m[97mlpha[0m
[0m[33mW[0m[97mbravo[0m
[0m[36mI[0m[97mcharlie[0m
[0m[90mH[0m[97mdelta[0m



















[0m[1m[30m[44m NOR [0m[1m[97m[100m diag-test [0m[97m[100ma.txt                                         [0m[1m[97m[100m E1 W1 I1 H1 [0m[97m[100m 1:1 [0m
