---
source: stoat/src/test_harness.rs
expression: text
---
actions: open_commits
focused: #1 of 1
mode: commits
size: 90x10
---
[0m[38;2;128;128;128mno commits[0m                          [0m[38;2;128;128;128m│no selection[0m
                                    [0m[38;2;128;128;128m│[0m
                                    [0m[38;2;128;128;128m│[0m
                                    [0m[38;2;128;128;128m│[0m
                                    [0m[38;2;128;128;128m│[0m
                                    [0m[38;2;128;128;128m│[0m
                                    [0m[38;2;128;128;128m│[0m
                                    [0m[38;2;128;128;128m│[0m
                                    [0m[38;2;128;128;128m│[0m
[0m[1m[30m[48;2;220;220;170m COM [0m[1m[38;2;204;204;204m[48;2;59;65;77m repo [0m[38;2;204;204;204m[48;2;59;65;77mcommits                                                                        [0m
