---
source: stoat/src/test_harness.rs
expression: text
---
actions: snapshot
focused: #1 of 1
mode: prompt
size: 80x24
---
[0m[7m [0m









  [0m[38;2;220;224;229m┌ search: alpha ───────────────────────────────────────────────────────────┐[0m
  [0m[38;2;220;224;229m│[0m[30m[48;2;116;173;232ma.rs                              1:4       fn alpha() { hello }          [0m[38;2;220;224;229m│[0m
  [0m[38;2;220;224;229m│sub/b.rs                          1:4       fn alpha_again() { hello }    │[0m
  [0m[38;2;220;224;229m└──────────────────────────────────────────────────────────────────────────┘[0m



                                                             [0m[38;2;222;193;132m┌ global-search ──┐[0m
                                                             [0m[38;2;222;193;132m│[0m[38;2;116;173;232m Enter[0m[38;2;220;224;229m   open[0m    [0m[38;2;222;193;132m│[0m
                                                             [0m[38;2;222;193;132m│[0m[38;2;116;173;232m   Esc[0m[38;2;220;224;229m   cancel[0m  [0m[38;2;222;193;132m│[0m
                                                             [0m[38;2;222;193;132m│[0m[38;2;116;173;232mCtrl-N[0m[38;2;220;224;229m   next[0m    [0m[38;2;222;193;132m│[0m
                                                             [0m[38;2;222;193;132m│[0m[38;2;116;173;232mCtrl-P[0m[38;2;220;224;229m   prev[0m    [0m[38;2;222;193;132m│[0m
                                                             [0m[38;2;222;193;132m└─────────────────┘[0m
[0m[1m[30m[48;2;161;193;129m PMT [0m[1m[38;2;220;224;229m[48;2;59;65;77m repo [0m[38;2;220;224;229m[48;2;59;65;77m[scratch]                                                        1:1 [0m
