---
source: stoat/src/test_harness.rs
assertion_line: 723
expression: text
---
actions: s
focused: #1 of 1
mode: insert
size: 80x24
---
  [0m[38;2;99;109;131m1[0m   [0m[7m [0m







  [0m[38;2;99;109;131m┌ workspaces ──────────────────────────────────────────────────────────────┐[0m
  [0m[38;2;99;109;131m│[0m[38;2;229;192;123m>[0m [0m[7m [0m                                                                       [0m[38;2;99;109;131m│[0m
  [0m[38;2;99;109;131m│──────────────────────────────────────────────────────────────────────────│[0m
  [0m[38;2;99;109;131m│[0m   [0m[38;2;99;109;131mname[0m                                                  [0m[38;2;99;109;131m  buf  run  edit[0m [0m[38;2;99;109;131m│[0m
  [0m[38;2;99;109;131m│[0m[38;2;40;44;52m[48;2;86;182;194m * (unnamed)                                                 2    0     2 [0m[38;2;99;109;131m│[0m
  [0m[38;2;99;109;131m│[0m[38;2;250;250;250m   (unnamed)                                                 1    0     1 [0m[38;2;99;109;131m│[0m
  [0m[38;2;99;109;131m└──────────────────────────────────────────────────────────────────────────┘[0m


                                                        [0m[38;2;99;109;131m┌ picker ──────────────┐[0m
                                                        [0m[38;2;99;109;131m│[0m [0m[38;2;86;182;194m      Enter[0m[38;2;250;250;250m   select[0m [0m[38;2;99;109;131m│[0m
                                                        [0m[38;2;99;109;131m│[0m [0m[38;2;86;182;194m        Esc[0m[38;2;250;250;250m   cancel[0m [0m[38;2;99;109;131m│[0m
                                                        [0m[38;2;99;109;131m│[0m [0m[38;2;86;182;194m  Ctrl-N, ↓[0m[38;2;250;250;250m   next[0m   [0m[38;2;99;109;131m│[0m
                                                        [0m[38;2;99;109;131m│[0m [0m[38;2;86;182;194m  Ctrl-P, ↑[0m[38;2;250;250;250m   prev[0m   [0m[38;2;99;109;131m│[0m
                                                        [0m[38;2;99;109;131m└──────────────────────┘[0m
[0m[1m[38;2;40;44;52m[48;2;152;195;121m INS [0m[1m[38;2;250;250;250m[48;2;99;109;131m (unnamed) [0m[38;2;250;250;250m[48;2;99;109;131m[scratch]                                                   1:1 [0m
