---
source: stoat/src/test_harness.rs
expression: text
---
actions: snapshot
focused: #1 of 1
mode: normal
size: 80x24
---
[0m[97malpha first line[0m
[0m[97m    indented mid[0m
[0m[7m[97ml[0m[97mast line is here[0m






  [0m[35m┌ jumplist ────────────────────────────────────────────────────────────────┐[0m
  [0m[35m│[0m[97m     1:1       alpha first line                                           [0m[35m│[0m
  [0m[35m│[0m[97m     2:1       indented mid                                               [0m[35m│[0m
  [0m[35m│[0m[30m[46m     3:1       last line is here                                          [0m[35m│[0m
  [0m[35m└──────────────────────────────────────────────────────────────────────────┘[0m



                                                               [0m[33m┌ jumplist ─────┐[0m
                                                               [0m[33m│[0m[36m Enter[0m[97m   jump[0m  [0m[33m│[0m
                                                               [0m[33m│[0m[36m   Esc[0m[97m   cancel[0m[33m│[0m
                                                               [0m[33m│[0m[36mCtrl-N[0m[97m   next[0m  [0m[33m│[0m
                                                               [0m[33m│[0m[36mCtrl-P[0m[97m   prev[0m  [0m[33m│[0m
                                                               [0m[33m└───────────────┘[0m
[0m[1m[30m[44m NOR [0m[1m[97m[100m (unnamed) [0m[97m[100m[scratch] [+]                                               3:1 [0m
