---
source: stoat/src/test_harness.rs
expression: text
---
actions: l
focused: #1 of 1
mode: prompt
size: 80x24
---
[0m[7m [0m






  [0m[38;2;204;204;204m┌ command palette (applicable) ────────────────────────────────────────────┐[0m
  [0m[38;2;204;204;204m│[0m[38;2;220;220;170m:[0m [0m[38;2;204;204;204mquitall[0m[7m [0m                                                                [0m[38;2;204;204;204m│[0m
  [0m[38;2;204;204;204m│[0m[38;2;128;128;128m──────────────────────────────────────────────────────────────────────────[0m[38;2;204;204;204m│[0m
  [0m[38;2;204;204;204m│[0m[30m[48;2;79;193;255m [0m[30m[48;2;220;220;170mQuitAll[0m[30m[48;2;79;193;255m  exit stoat, closing all panes                                   [0m[38;2;204;204;204m│[0m
  [0m[38;2;204;204;204m│[0m[38;2;128;128;128m──────────────────────────────────────────────────────────────────────────[0m[38;2;204;204;204m│[0m
  [0m[38;2;204;204;204m│[0m[38;2;160;160;160mExit the application immediately, closing every pane and viewport. See[0m    [0m[38;2;204;204;204m│[0m
  [0m[38;2;204;204;204m│[0m[38;2;160;160;160malso Quit, which closes the current pane and only exits when it is the[0m    [0m[38;2;204;204;204m│[0m
  [0m[38;2;204;204;204m│[0m[38;2;160;160;160mlast.[0m                                                                     [0m[38;2;204;204;204m│[0m
  [0m[38;2;204;204;204m└──────────────────────────────────────────────────────────────────────────┘[0m


                                       [0m[38;2;220;220;170m┌ palette ──────────────────────────────┐[0m
                                       [0m[38;2;220;220;170m│[0m[38;2;79;193;255mUp, C-p[0m[38;2;204;204;204m   select previous palette entry[0m[38;2;220;220;170m│[0m
                                       [0m[38;2;220;220;170m│[0m[38;2;79;193;255mDn, C-n[0m[38;2;204;204;204m   select next palette entry[0m    [0m[38;2;220;220;170m│[0m
                                       [0m[38;2;220;220;170m│[0m[38;2;79;193;255m  S-Tab[0m[38;2;204;204;204m   toggle command palette scope[0m [0m[38;2;220;220;170m│[0m
                                       [0m[38;2;220;220;170m└───────────────────────────────────────┘[0m
[0m[1m[30m[48;2;78;201;176m PMT [0m[1m[38;2;204;204;204m[48;2;30;30;30m (unnamed) [0m[38;2;204;204;204m[48;2;30;30;30m[scratch]                                                   1:1 [0m
