---
source: stoat/src/test_harness.rs
expression: text
---
actions: snapshot
focused: #1 of 1
mode: normal
size: 80x24
---
  [0m[38;2;99;109;131m1[0m [0m[7m [0m









  [0m[38;2;198;120;221m┌ search: alpha ───────────────────────────────────────────────────────────┐[0m
  [0m[38;2;198;120;221m│[0m[38;2;40;44;52m[48;2;86;182;194ma.rs                              1:4       fn alpha() { hello }          [0m[38;2;198;120;221m│[0m
  [0m[38;2;198;120;221m│[0m[38;2;250;250;250msub/b.rs                          1:4       fn alpha_again() { hello }    [0m[38;2;198;120;221m│[0m
  [0m[38;2;198;120;221m└──────────────────────────────────────────────────────────────────────────┘[0m



                                                             [0m[38;2;229;192;123m┌ global-search ──┐[0m
                                                             [0m[38;2;229;192;123m│[0m[38;2;86;182;194m Enter[0m[38;2;250;250;250m   open[0m    [0m[38;2;229;192;123m│[0m
                                                             [0m[38;2;229;192;123m│[0m[38;2;86;182;194m   Esc[0m[38;2;250;250;250m   cancel[0m  [0m[38;2;229;192;123m│[0m
                                                             [0m[38;2;229;192;123m│[0m[38;2;86;182;194mCtrl-N[0m[38;2;250;250;250m   next[0m    [0m[38;2;229;192;123m│[0m
                                                             [0m[38;2;229;192;123m│[0m[38;2;86;182;194mCtrl-P[0m[38;2;250;250;250m   prev[0m    [0m[38;2;229;192;123m│[0m
                                                             [0m[38;2;229;192;123m└─────────────────┘[0m
[0m[1m[38;2;40;44;52m[48;2;97;175;239m NOR [0m[1m[38;2;250;250;250m[48;2;99;109;131m repo [0m[38;2;250;250;250m[48;2;99;109;131m[scratch]                                                        1:1 [0m
