---
source: stoat/src/test_harness.rs
expression: text
---
actions: open_file
focused: #2 of 2
mode: normal
size: 80x24
---
┌─────────────────────────────────────┐ ┌──────────────────────────────────────┐
│file A                               │ │file B                                │
│                                     │ │                                      │
│                                     │ │                                      │
│                                     │ │                                      │
│                                     │ │                                      │
│                                     │ │                                      │
│                                     │ │                                      │
│                                     │ │                                      │
│                                     │ │                                      │
│                                     │ │                                      │
│                                     │ │                                      │
│                                     │ │                                      │
│                                     │ │                                      │
│                                     │ │                                      │
│                                     │ │                                      │
│                                     │ │                                      │
│                                     │ │                                      │
│                                     │ │                                      │
│                                     │ │                                      │
│                                     │ │                                      │
│                                     │ │                                      │
│                                     │ │                                      │
└─────────────────────────────────────┘ └──────────────────────────────────────┘
