---
source: stoat/src/test_harness.rs
expression: text
---
actions: snapshot
focused: #1 of 1
mode: normal
size: 60x12
---
[0m[7m[33ma[0m[33mdd[0m[37m()[0m
[0m[33m┌ signature ──────────────────┐[0m
[0m[33m│fn add(x: i32, [0m[1m[33my: i32[0m[33m) -> i32│[0m
[0m[33m│[0m[2m[33madds two integers[0m            [0m[33m│[0m
[0m[33m└─────────────────────────────┘[0m






[0m[1m[30m[44m NOR [0m[1m[97m[100m lsp-did-open-test [0m[97m[100mmain.rs                         1:1 [0m
