---
source: stoat/src/test_harness.rs
expression: text
---
actions: ?
focused: #1 of 1
mode: prompt
size: 80x24
---
[0m[7m [0m

  [0m[36m┌ help: all actions ───────────────────────────────────────────────────────┐[0m
  [0m[36m│[0m[33m> [0m[30m[107m [0m                                                                       [0m[36m│[0m
  [0m[36m│[0m[1m[30m[42m INS [0m[97m[100m                                                                     [0m[36m│[0m
  [0m[36m│[0m[30m[46m   AbortRebase  discard the cur[0m[90m│[0m [0m[1m[33mAbortRebase[0m                              [0m[36m│[0m
  [0m[36m│[0m[97m   AddSelectionAbove  [0m[90madd curso│[0m [0m[90m(unbound)[0m                                [0m[36m│[0m
  [0m[36m│[0m[97m   AddSelectionBelow  [0m[90madd curso│[0m [0m[97mdiscard the current rebase plan[0m          [0m[36m│[0m
  [0m[36m│[0m[97m   AlignSelections  [0m[90malign selec│[0m                                          [0m[36m│[0m
  [0m[36m│[0m[97m   AlignViewBottom  [0m[90malign view │[0m [0m[97mDrop the in-progress todo list without[0m   [0m[36m│[0m
  [0m[36m│[0m[97m   AlignViewCenter  [0m[90malign view │[0m [0m[97mexecuting it and return to commits mode.[0m [0m[36m│[0m
  [0m[36m│[0m[97m   AlignViewTop  [0m[90malign view top│[0m [0m[97mNo commits are rewritten.[0m                [0m[36m│[0m
  [0m[36m│[0m[97m   ClaudeSubmit  [0m[90msend to claude│[0m                                          [0m[36m│[0m
  [0m[36m│[0m[97m   ClaudeToDockLeft  [0m[90mmove claud│[0m [0m[1m[33mExample:[0m                                 [0m[36m│[0m
  [0m[36m│[0m[97m   ClaudeToDockRight  [0m[90mmove clau│[0m [0m[90m  AbortRebase()[0m                          [0m[36m│[0m
  [0m[36m│[0m[97m   ClaudeToPane  [0m[90mmove claude to│[0m                                          [0m[36m│[0m
  [0m[36m│[0m[97m   ClaudeToggleFollow  [0m[90mtoggle c│[0m        [0m[33m┌ help ─────────────────────────────┐[0m
  [0m[36m│[0m[97m   CloseCommits  [0m[90mclose the comm│[0m        [0m[33m│[0m[36m  Up, C-p[0m[97m   previous help entry[0m  [0m[36m│[0m [0m[33m│[0m
  [0m[36m│[0m[97m   CloseOtherPanes  [0m[90mclose other│[0m        [0m[33m│[0m[36m  Dn, C-n[0m[97m   next help entry[0m      [0m[36m│[0m [0m[33m│[0m
  [0m[36m│[0m[97m   ClosePane  [0m[90mclose pane[0m[97m       [0m[90m│[0m        [0m[33m│[0m[36mC-u, PgUp[0m[97m   scroll help detail up[0m[36m│[0m [0m[33m│[0m
  [0m[36m│[0m[97m   CloseReview  [0m[90mclose the activ│[0m        [0m[33m│[0m[36mC-d, PgDn[0m[97m   scroll help detail down[0m[33m│[0m
  [0m[36m└────────────────────────────────────────[0m[33m│[0m[36m    S-Tab[0m[97m   toggle help scope[0m[36m────┘[0m [0m[33m│[0m
                                           [0m[33m└───────────────────────────────────┘[0m
[0m[1m[30m[42m PMT [0m[1m[97m[100m (unnamed) [0m[97m[100m[scratch]                                                   1:1 [0m
