---
source: stoat/src/test_harness.rs
assertion_line: 119
expression: text
---
actions: space
focused: #1 of 1
mode: space
size: 80x24
---
┌──────────────────────────────────────────────────────────────────────────────┐
│                                                                              │
│                                                                              │
│                                                                              │
│                                                                              │
│                                                                              │
│                                                                              │
│                                                                              │
│                                                                              │
│                                                                              │
│                                                                              │
│                                                                              │
│                                                                              │
│                                                                              │
│                                               ┌ space ───────────────────────┐
│                                               │Esc   normal mode             │
│                                               │  q   exit stoat              │
│                                               │  s   space_split mode        │
│                                               │  h   focus pane left         │
│                                               │  j   focus pane down         │
│                                               │  k   focus pane up           │
│                                               │  l   focus pane right        │
│                                               │  :   open the command palette│
└───────────────────────────────────────────────└──────────────────────────────┘
