---
source: stoat/src/test_harness.rs
expression: text
---
actions: enter
focused: #1 of 1
mode: normal
size: 40x10
---
[0m[97mabc [0m[7m[30m[43m1[0m[97m [0m[30m[43m22[0m[97m [0m[30m[43m333[0m[97m [0m[30m[43m4444[0m[97m end[0m








[0m[1m[30m[44m NOR [0m[1m[97m[100m search-test [0m[97m[100mbuf.txt           1:5 [0m
