---
source: stoat/src/test_harness.rs
expression: text
---
actions: ?
focused: #1 of 1
mode: prompt
size: 80x24
---
[0m[7m [0m

  [0m[36m┌ help: active (normal) ───────────────────────────────────────────────────┐[0m
  [0m[36m│[0m[33m> [0m[30m[107m [0m                                                                       [0m[36m│[0m
  [0m[36m│[0m[1m[30m[42m INS [0m[97m[100m                                                                     [0m[36m│[0m
  [0m[36m│[0m[30m[46m    %  SelectAll  select all   [0m[90m│[0m [0m[1m[33mSelectAll[0m                                [0m[36m│[0m
  [0m[36m│[0m[97m [0m[36m   :[0m[97m  OpenCommandPalette  [0m[90mopen│[0m [0m[36mbound: %[0m                                 [0m[36m│[0m
  [0m[36m│[0m[97m [0m[36m   ;[0m[97m  CollapseSelection  [0m[90mcolla│[0m [0m[97mselect all[0m                               [0m[36m│[0m
  [0m[36m│[0m[97m [0m[36m   ?[0m[97m  OpenHelp  [0m[90mopen the help │[0m                                          [0m[36m│[0m
  [0m[36m│[0m[97m [0m[36m A-;[0m[97m  FlipSelections  [0m[90mflip sel│[0m [0m[97mReplace every selection with a single[0m    [0m[36m│[0m
  [0m[36m│[0m[97m [0m[36m   B[0m[97m  ExtendPrevWordStart  [0m[90mext│[0m [0m[97mselection spanning the entire focused[0m    [0m[36m│[0m
  [0m[36m│[0m[97m [0m[36m   C[0m[97m  AddSelectionBelow  [0m[90madd c│[0m [0m[97mbuffer.[0m                                  [0m[36m│[0m
  [0m[36m│[0m[97m [0m[36m   E[0m[97m  ExtendNextWordEnd  [0m[90mexten│[0m                                          [0m[36m│[0m
  [0m[36m│[0m[97m [0m[36m End[0m[97m  GotoLineEnd  [0m[90mgoto line e│[0m [0m[1m[33mExample:[0m                                 [0m[36m│[0m
  [0m[36m│[0m[97m [0m[36m   H[0m[97m  ExtendLeft  [0m[90mextend selec│[0m [0m[90m  SelectAll()[0m                            [0m[36m│[0m
  [0m[36m│[0m[97m [0m[36mHome[0m[97m  GotoLineStart  [0m[90mgoto line│[0m      [0m[33m┌ help ─────────────────────────────┐[0m
  [0m[36m│[0m[97m [0m[36m   J[0m[97m  ExtendDown  [0m[90mextend selec│[0m      [0m[33m│[0m[36m  Up, C-p[0m[97m   previous help entry[0m    [0m[33m│[0m
  [0m[36m│[0m[97m [0m[36m   K[0m[97m  ExtendUp  [0m[90mextend selecti│[0m      [0m[33m│[0m[36m  Dn, C-n[0m[97m   next help entry[0m        [0m[33m│[0m
  [0m[36m│[0m[97m [0m[36m   L[0m[97m  ExtendRight  [0m[90mextend sele│[0m      [0m[33m│[0m[36mC-u, PgUp[0m[97m   scroll help detail up[0m  [0m[33m│[0m
  [0m[36m│[0m[97m [0m[36m   R[0m[97m  OpenReview  [0m[90mreview chang│[0m      [0m[33m│[0m[36mC-d, PgDn[0m[97m   scroll help detail down[0m[33m│[0m
  [0m[36m│[0m[97m [0m[36m Spc[0m[97m  SetMode  [0m[90mtransition to a│[0m      [0m[33m│[0m[36m    S-Tab[0m[97m   toggle help scope[0m      [0m[33m│[0m
  [0m[36m└──────────────────────────────────────[0m[33m└───────────────────────────────────┘[0m

[0m[1m[30m[42m PMT [0m[1m[97m[100m (unnamed) [0m[97m[100m[scratch]                                                   1:1 [0m
