---
source: stoat/src/test_harness.rs
expression: text
---
actions: snapshot
focused: #1 of 1
mode: normal
size: 80x24
---
[0m[7m[38;2;204;204;204mu[0m[38;2;204;204;204mnsaved[0m








     [0m[38;2;197;134;192m┌ unsaved buffers ───────────────────────────────────────────────────┐[0m
     [0m[38;2;197;134;192m│[0m[38;2;220;220;170m1 buffer has unsaved changes:[0m                                       [0m[38;2;197;134;192m│[0m
     [0m[38;2;197;134;192m│[0m                                                                    [0m[38;2;197;134;192m│[0m
     [0m[38;2;197;134;192m│[0m[38;2;204;204;204m * <scratch>[0m                                                        [0m[38;2;197;134;192m│[0m
     [0m[38;2;197;134;192m└────────────────────────────────────────────────────────────────────┘[0m





                                                     [0m[38;2;220;220;170m┌ quit ───────────────────┐[0m
                                                     [0m[38;2;220;220;170m│[0m[38;2;79;193;255my, Enter[0m[38;2;204;204;204m   discard & quit[0m[38;2;220;220;170m│[0m
                                                     [0m[38;2;220;220;170m│[0m[38;2;79;193;255m  n, Esc[0m[38;2;204;204;204m   cancel[0m        [0m[38;2;220;220;170m│[0m
                                                     [0m[38;2;220;220;170m└─────────────────────────┘[0m
[0m[1m[30m[48;2;86;156;214m NOR [0m[1m[38;2;204;204;204m[48;2;128;128;128m (unnamed) [0m[38;2;204;204;204m[48;2;128;128;128m[scratch] [+]                                               1:1 [0m
