---
source: stoat/src/test_harness.rs
expression: text
---
actions: ?
focused: #1 of 1
mode: prompt
size: 80x24
---
[0m[7m [0m

  [0m[35m┌ command palette (all) ───────────────────────────────────────────────────┐[0m
  [0m[35m│[0m[33m:[0m [0m[7m [0m                                                                       [0m[35m│[0m
  [0m[35m│[0m[90m──────────────────────────────────────────────────────────────────────────[0m[35m│[0m
  [0m[35m│[0m[30m[46m NewWorkspace  create a new workspace                                     [0m[35m│[0m
  [0m[35m│[0m[97m OpenClaude    [0m[90mopen claude chat[0m[97m                                           [0m[35m│[0m
  [0m[35m│[0m[97m OpenCommits   [0m[90mbrowse commit history[0m[97m                                      [0m[35m│[0m
  [0m[35m│[0m[97m OpenFile      [0m[90mopen a file[0m[97m                                                [0m[35m│[0m
  [0m[35m│[0m[97m OpenReview    [0m[90mreview changed files[0m[97m                                       [0m[35m│[0m
  [0m[35m│[0m[97m OpenRun       [0m[90mopen terminal[0m[97m                                              [0m[35m│[0m
  [0m[35m│[0m[97m Quit          [0m[90mexit stoat[0m[97m                                                 [0m[35m│[0m
  [0m[35m│[0m[97m Run           [0m[90mrun command[0m[97m                                                [0m[35m│[0m
  [0m[35m│[0m[97m SplitDown     [0m[90msplit pane down[0m[97m                                            [0m[35m│[0m
  [0m[35m│[0m[97m SplitRight    [0m[90msplit pane right[0m[97m                                           [0m[35m│[0m
  [0m[35m│[0m[90m──────────────────────────────────────────────────────────────────────────[0m[35m│[0m
  [0m[35m│[0m[37mCreate a fresh workspace at the current workspace's git root. The new[0m     [0m[35m│[0m
  [0m[35m│[0m[37mworkspace has default panes and no inherited buffers, Claude session, or[0m  [0m[35m│[0m
  [0m[35m│[0m[37mrebase state. The current workspace is saved and kept in the background;[0m  [0m[35m│[0m
  [0m[35m│[0m[37mthe new workspace becomes active.[0m                                         [0m[35m│[0m
  [0m[35m└──────────────────────────────────────────────────────────────────────────┘[0m


[0m[1m[30m[42m PMT [0m[1m[97m[100m (unnamed) [0m[97m[100m[scratch]                                                   1:1 [0m
