---
source: stoat/src/test_harness.rs
expression: text
---
actions: one_frame
focused: #1 of 1
mode: prompt
size: 120x16
---
[0m[7m [0m

  [0m[35m┌ file finder (all) ───────────────────────────────────────────────────────────────────────────────────────────────┐[0m
  [0m[35m│[0m[33m>[0m [0m[7m [0m                                                                                                               [0m[35m│[0m
  [0m[35m│[0m[90m──────────────────────────────────────────────────────────────────────────────────────────────────────────────────[0m[35m│[0m
  [0m[35m│[0m[97m aaa.rs                                      [0m[90m│[0m[1m[34mfn[0m[97m [0m[33mzzz[0m[37m()[0m[97m [0m[96m->[0m[97m [0m[36mu32[0m[97m [0m[37m{[0m[97m [0m[35m0[0m[97m [0m[37m}[0m                                               [0m[35m│[0m
  [0m[35m│[0m[30m[46m zzz.rs                                      [0m[90m│[0m                                                                    [0m[35m│[0m
  [0m[35m│[0m                                             [0m[90m│[0m                                                                    [0m[35m│[0m
  [0m[35m│[0m                                             [0m[90m│[0m                                   [0m[33m┌ finder ──────────────────────────┐[0m
  [0m[35m│[0m                                             [0m[90m│[0m                                   [0m[33m│[0m[36mUp, C-p[0m[97m   select previous file[0m  [0m[35m│[0m [0m[33m│[0m
  [0m[35m│[0m                                             [0m[90m│[0m                                   [0m[33m│[0m[36mDn, C-n[0m[97m   select next file[0m      [0m[35m│[0m [0m[33m│[0m
  [0m[35m│[0m                                             [0m[90m│[0m                                   [0m[33m│[0m[36m    C-f[0m[97m   page file finder down[0m [0m[35m│[0m [0m[33m│[0m
  [0m[35m│[0m                                             [0m[90m│[0m                                   [0m[33m│[0m[36m    C-b[0m[97m   page file finder up[0m   [0m[35m│[0m [0m[33m│[0m
  [0m[35m└─────────────────────────────────────────────────────────────────────────────────[0m[33m│[0m[36m  S-Tab[0m[97m   toggle file finder scope[0m[33m│[0m
                                                                                    [0m[33m└──────────────────────────────────┘[0m
[0m[1m[30m[42m PMT [0m[1m[97m[100m stoat-finder-test [0m[97m[100m[scratch]                                                                                   1:1 [0m
