---
source: stoat/src/test_harness.rs
expression: text
---
actions: w
focused: #1 of 1
mode: normal
size: 30x5
---
[0m[36m┌────────────────────────────┐[0m
[0m[36m│[0m[36m[100mfoo [0m[7m[36mb[0m[36mar baz[0m                 [0m[36m│[0m
[0m[36m│[0m                            [0m[36m│[0m
[0m[36m│[0m                            [0m[36m│[0m
[0m[36m└────────────────────────────┘[0m
