---
source: stoat/src/test_harness.rs
expression: text
---
actions: o
focused: #1 of 1
mode: insert
size: 80x24
---
  [0m[38;2;99;109;131m1[0m [0m[7m [0m

  [0m[38;2;99;109;131m┌ file finder (all) ───────────────────────────────────────────────────────┐[0m
  [0m[38;2;99;109;131m│[0m[38;2;229;192;123m>[0m [0m[38;2;250;250;250m.rs foo[0m[7m [0m                                                                [0m[38;2;99;109;131m│[0m
  [0m[38;2;99;109;131m│──────────────────────────────────────────────────────────────────────────│[0m
  [0m[38;2;99;109;131m│[0m[38;2;40;44;52m[48;2;86;182;194m src/[0m[38;2;40;44;52m[48;2;229;192;123mfoo.rs[0m[38;2;40;44;52m[48;2;86;182;194m                                                               [0m[38;2;99;109;131m│[0m
  [0m[38;2;99;109;131m│[0m                                                                          [0m[38;2;99;109;131m│[0m
  [0m[38;2;99;109;131m│[0m                                                                          [0m[38;2;99;109;131m│[0m
  [0m[38;2;99;109;131m│[0m                                                                          [0m[38;2;99;109;131m│[0m
  [0m[38;2;99;109;131m│[0m                                                                          [0m[38;2;99;109;131m│[0m
  [0m[38;2;99;109;131m│[0m                                                                          [0m[38;2;99;109;131m│[0m
  [0m[38;2;99;109;131m│[0m                                                                          [0m[38;2;99;109;131m│[0m
  [0m[38;2;99;109;131m│[0m                                                                          [0m[38;2;99;109;131m│[0m
  [0m[38;2;99;109;131m│[0m                                                                          [0m[38;2;99;109;131m│[0m
  [0m[38;2;99;109;131m│[0m                                                                          [0m[38;2;99;109;131m│[0m
  [0m[38;2;99;109;131m│[0m                                                                          [0m[38;2;99;109;131m│[0m
  [0m[38;2;99;109;131m│[0m                                       [0m[38;2;99;109;131m┌ finder ────────────────────────────┐[0m
  [0m[38;2;99;109;131m│[0m                                       [0m[38;2;99;109;131m│[0m [0m[38;2;86;182;194mUp, C-p[0m[38;2;250;250;250m   select previous file[0m     [0m[38;2;99;109;131m│[0m
  [0m[38;2;99;109;131m│[0m                                       [0m[38;2;99;109;131m│[0m [0m[38;2;86;182;194mDn, C-n[0m[38;2;250;250;250m   select next file[0m         [0m[38;2;99;109;131m│[0m
  [0m[38;2;99;109;131m│[0m                                       [0m[38;2;99;109;131m│[0m [0m[38;2;86;182;194m    C-f[0m[38;2;250;250;250m   page file finder down[0m    [0m[38;2;99;109;131m│[0m
  [0m[38;2;99;109;131m│[0m                                       [0m[38;2;99;109;131m│[0m [0m[38;2;86;182;194m    C-b[0m[38;2;250;250;250m   page file finder up[0m      [0m[38;2;99;109;131m│[0m
  [0m[38;2;99;109;131m└───────────────────────────────────────│[0m [0m[38;2;86;182;194m  S-Tab[0m[38;2;250;250;250m   toggle file finder scope[0m [0m[38;2;99;109;131m│[0m
                                          [0m[38;2;99;109;131m└────────────────────────────────────┘[0m
[0m[1m[38;2;40;44;52m[48;2;152;195;121m INS [0m[1m[38;2;250;250;250m[48;2;99;109;131m stoat-finder-test [0m[38;2;250;250;250m[48;2;99;109;131m[scratch]                                           1:1 [0m
